[master] snsx master runner started
[master] workspace: /Users/drhacker/Documents/Programming Lang
[master] mode: run
[master] log file: /Users/drhacker/Documents/Programming Lang/logs/master-20260321-165155.log
[master] running: cargo check --offline
    Finished `dev` profile [unoptimized + debuginfo] target(s) in 0.34s
[master] running: cargo build -p snsx --offline
    Finished `dev` profile [unoptimized + debuginfo] target(s) in 0.25s
[master] running full SNSX smoke tests
[master] running: /Users/drhacker/Documents/Programming Lang/target/debug/snsx run --file /Users/drhacker/Documents/Programming Lang/examples/hello.snsx
hello from snsx
summary: Smart Neural Syntax eXtended is readable, safe, and AI-native.
[master] running: /Users/drhacker/Documents/Programming Lang/target/debug/snsx run --file /Users/drhacker/Documents/Programming Lang/examples/concurrency.snsx
70
[master] running: /Users/drhacker/Documents/Programming Lang/target/debug/snsx run --file /Users/drhacker/Documents/Programming Lang/examples/tensor.snsx
Tensor[2, 2]
[master] running: /Users/drhacker/Documents/Programming Lang/target/debug/snsx build --file /Users/drhacker/Documents/Programming Lang/examples/hello.snsx --target wasm
Wrote /Users/drhacker/Documents/Programming Lang/examples/dist/hello.wat
[master] running: /Users/drhacker/Documents/Programming Lang/target/debug/snsx deploy --file /Users/drhacker/Documents/Programming Lang/examples/hello.snsx --cluster local
Deployment bundle written to /Users/drhacker/Documents/Programming Lang/examples/dist/standalone.snsxp.json
[master] launching user system in run mode
[master] running: /Users/drhacker/Documents/Programming Lang/target/debug/snsx run
SNSX ready
summary: SNSX ships with an AI-native toolchain.
42
[master] snsx master runner finished
