[master] snsx master runner started
[master] workspace: /Users/drhacker/Documents/Programming Lang
[master] mode: app
[master] log file: /Users/drhacker/Documents/Programming Lang/logs/master-20260321-204702.log
[master] stopping stale process 58688 (/Users/drhacker/Documents/Programming Lang/target/debug/snsx)
[master] running: cargo check --offline
    Finished `dev` profile [unoptimized + debuginfo] target(s) in 0.24s
[master] running: cargo build -p snsx --offline
    Finished `dev` profile [unoptimized + debuginfo] target(s) in 0.10s
[master] running full SNSX smoke tests
[master] running: /Users/drhacker/Documents/Programming Lang/target/debug/snsx run --file /Users/drhacker/Documents/Programming Lang/examples/hello.snsx
hello from snsx
summary: Smart Neural Syntax eXtended is readable, safe, and AI-native.
[master] running: /Users/drhacker/Documents/Programming Lang/target/debug/snsx run --file /Users/drhacker/Documents/Programming Lang/examples/concurrency.snsx
70
[master] running: /Users/drhacker/Documents/Programming Lang/target/debug/snsx run --file /Users/drhacker/Documents/Programming Lang/examples/tensor.snsx
Tensor[2, 2]
[master] running: /Users/drhacker/Documents/Programming Lang/target/debug/snsx build --file /Users/drhacker/Documents/Programming Lang/examples/hello.snsx --target wasm
Wrote /Users/drhacker/Documents/Programming Lang/examples/dist/hello.wat
[master] running: /Users/drhacker/Documents/Programming Lang/target/debug/snsx deploy --file /Users/drhacker/Documents/Programming Lang/examples/hello.snsx --cluster local
Deployment bundle written to /Users/drhacker/Documents/Programming Lang/examples/dist/standalone.snsxp.json
[master] launching user system in desktop app mode
[master] launching interactive command: /Users/drhacker/Documents/Programming Lang/target/debug/snsx start --mode app
