[master] master runner started
[master] workspace: /Users/drhacker/Documents/Programming Lang
[master] language: snsx
[master] mode: terminal
[master] project: /Users/drhacker/Documents/Programming Lang/user_workspace
[master] log file: /Users/drhacker/Documents/Programming Lang/logs/master-20260322-202025.log
[master] running: cargo check --offline
    Finished `dev` profile [unoptimized + debuginfo] target(s) in 0.31s
[master] running: cargo build -p snsx --offline
    Finished `dev` profile [unoptimized + debuginfo] target(s) in 0.10s
[master] installing local snsx binary
[master] running: bash /Users/drhacker/Documents/Programming Lang/install.sh
   Compiling libc v0.2.183
   Compiling proc-macro2 v1.0.106
   Compiling cfg-if v1.0.4
   Compiling quote v1.0.45
   Compiling unicode-ident v1.0.24
   Compiling version_check v0.9.5
   Compiling typenum v1.19.0
   Compiling serde_core v1.0.228
   Compiling serde v1.0.228
   Compiling thiserror v1.0.69
   Compiling generic-array v0.14.7
   Compiling anyhow v1.0.102
   Compiling subtle v2.6.1
   Compiling semver v1.0.27
   Compiling getrandom v0.2.17
   Compiling rand_core v0.6.4
   Compiling cpufeatures v0.2.17
   Compiling keccak v0.1.6
   Compiling rustc_version v0.4.1
   Compiling zmij v1.0.21
   Compiling serde_json v1.0.149
   Compiling crypto-common v0.1.7
   Compiling block-buffer v0.10.4
   Compiling curve25519-dalek v4.1.3
   Compiling syn v2.0.117
   Compiling digest v0.10.7
   Compiling inout v0.1.4
   Compiling cipher v0.4.4
   Compiling sha3 v0.10.8
   Compiling errno v0.3.14
   Compiling log v0.4.29
   Compiling memchr v2.8.0
   Compiling parking_lot_core v0.9.12
   Compiling signal-hook v0.3.18
   Compiling itoa v1.0.18
   Compiling crossbeam-utils v0.8.21
   Compiling signal-hook-registry v1.4.8
   Compiling universal-hash v0.5.1
   Compiling equivalent v1.0.2
   Compiling scopeguard v1.2.0
   Compiling utf8parse v0.2.2
   Compiling hashbrown v0.16.1
   Compiling opaque-debug v0.3.1
   Compiling signature v2.2.0
   Compiling smallvec v1.15.1
   Compiling ed25519 v2.2.3
   Compiling polyval v0.6.2
   Compiling anstyle-parse v1.0.0
   Compiling lock_api v0.4.14
   Compiling mio v0.8.11
   Compiling indexmap v2.13.0
   Compiling aes v0.8.4
   Compiling ctr v0.9.2
   Compiling sha2 v0.10.9
   Compiling aead v0.5.2
   Compiling anstyle v1.0.14
   Compiling is_terminal_polyfill v1.70.2
   Compiling bitflags v2.11.0
   Compiling winnow v0.7.15
   Compiling toml_write v0.1.2
   Compiling same-file v1.0.6
   Compiling anstyle-query v1.1.5
   Compiling colorchoice v1.0.5
   Compiling walkdir v2.5.0
   Compiling signal-hook-mio v0.2.5
   Compiling anstream v1.0.0
   Compiling parking_lot v0.12.5
   Compiling crossbeam-channel v0.5.15
   Compiling fsevent-sys v4.1.0
   Compiling filetime v0.2.27
   Compiling strsim v0.11.1
   Compiling base64 v0.22.1
   Compiling clap_lex v1.1.0
   Compiling heck v0.5.0
   Compiling clap_builder v4.6.0
   Compiling notify v6.1.1
   Compiling crossterm v0.27.0
   Compiling serde_derive v1.0.228
   Compiling thiserror-impl v1.0.69
   Compiling zeroize_derive v1.4.3
   Compiling clap_derive v4.6.0
   Compiling zeroize v1.8.2
   Compiling aes-gcm-siv v0.11.1
   Compiling clap v4.6.0
   Compiling snsx-runtime v0.1.0 (/Users/drhacker/Documents/Programming Lang/runtime)
   Compiling serde_spanned v0.6.9
   Compiling snsx-compiler v0.1.0 (/Users/drhacker/Documents/Programming Lang/compiler)
   Compiling toml_datetime v0.6.11
   Compiling snsx-stdlib v0.1.0 (/Users/drhacker/Documents/Programming Lang/stdlib)
   Compiling toml_edit v0.22.27
   Compiling x25519-dalek v2.0.1
   Compiling ed25519-dalek v2.2.0
   Compiling snsx-network-stack v0.1.0 (/Users/drhacker/Documents/Programming Lang/network_stack)
   Compiling snsx-distributed-engine v0.1.0 (/Users/drhacker/Documents/Programming Lang/distributed_engine)
   Compiling snsx-ai-engine v0.1.0 (/Users/drhacker/Documents/Programming Lang/ai_engine)
   Compiling snsx-vm v0.1.0 (/Users/drhacker/Documents/Programming Lang/vm)
   Compiling toml v0.8.23
   Compiling snsx-ide v0.1.0 (/Users/drhacker/Documents/Programming Lang/ide)
   Compiling snsx v0.1.0 (/Users/drhacker/Documents/Programming Lang/cli)
    Finished `release` profile [optimized] target(s) in 50.25s
Installed snsx to /Users/drhacker/.local/bin/snsx
[master] running full SNSX smoke tests
[master] running: /Users/drhacker/Documents/Programming Lang/target/debug/snsx run --file /Users/drhacker/Documents/Programming Lang/examples/hello.snsx
hello from snsx
summary: Smart Neural Syntax eXtended is readable, safe, and AI-native.
[master] running: /Users/drhacker/Documents/Programming Lang/target/debug/snsx run --file /Users/drhacker/Documents/Programming Lang/examples/concurrency.snsx
70
[master] running: /Users/drhacker/Documents/Programming Lang/target/debug/snsx run --file /Users/drhacker/Documents/Programming Lang/examples/tensor.snsx
Tensor[2, 2]
[master] running: /Users/drhacker/Documents/Programming Lang/target/debug/snsx build --file /Users/drhacker/Documents/Programming Lang/examples/hello.snsx --target wasm
Wrote /Users/drhacker/Documents/Programming Lang/examples/dist/hello.wat
[master] running: /Users/drhacker/Documents/Programming Lang/target/debug/snsx deploy --file /Users/drhacker/Documents/Programming Lang/examples/hello.snsx --cluster local
Deployment bundle written to /Users/drhacker/Documents/Programming Lang/examples/dist/snsx_examples.snsxp.json
[master] launching user system in terminal studio mode
[master] launching interactive command: /Users/drhacker/Documents/Programming Lang/target/debug/snsx start --mode terminal
