[master] snsx master runner started
[master] workspace: /Users/drhacker/Documents/Programming Lang
[master] mode: run
[master] log file: /Users/drhacker/Documents/Programming Lang/logs/master-20260321-163441.log
[master] running: cargo fetch --locked
 Downloading crates ...
warning: spurious network error (3 tries remaining): [6] Couldn't resolve host name (Could not resolve host: static.crates.io)
warning: spurious network error (3 tries remaining): [6] Couldn't resolve host name (Could not resolve host: static.crates.io)
warning: spurious network error (3 tries remaining): [6] Couldn't resolve host name (Could not resolve host: static.crates.io)
warning: spurious network error (3 tries remaining): [6] Couldn't resolve host name (Could not resolve host: static.crates.io)
warning: spurious network error (3 tries remaining): [6] Couldn't resolve host name (Could not resolve host: static.crates.io)
warning: spurious network error (3 tries remaining): [6] Couldn't resolve host name (Could not resolve host: static.crates.io)
warning: spurious network error (3 tries remaining): [6] Couldn't resolve host name (Could not resolve host: static.crates.io)
warning: spurious network error (3 tries remaining): [6] Couldn't resolve host name (Could not resolve host: static.crates.io)
warning: spurious network error (3 tries remaining): [6] Couldn't resolve host name (Could not resolve host: static.crates.io)
warning: spurious network error (3 tries remaining): [6] Couldn't resolve host name (Could not resolve host: static.crates.io)
warning: spurious network error (3 tries remaining): [6] Couldn't resolve host name (Could not resolve host: static.crates.io)
warning: spurious network error (3 tries remaining): [6] Couldn't resolve host name (Could not resolve host: static.crates.io)
warning: spurious network error (3 tries remaining): [6] Couldn't resolve host name (Could not resolve host: static.crates.io)
warning: spurious network error (3 tries remaining): [6] Couldn't resolve host name (Could not resolve host: static.crates.io)
warning: spurious network error (3 tries remaining): [6] Couldn't resolve host name (Could not resolve host: static.crates.io)
warning: spurious network error (3 tries remaining): [6] Couldn't resolve host name (Could not resolve host: static.crates.io)
warning: spurious network error (3 tries remaining): [6] Couldn't resolve host name (Could not resolve host: static.crates.io)
warning: spurious network error (3 tries remaining): [6] Couldn't resolve host name (Could not resolve host: static.crates.io)
warning: spurious network error (3 tries remaining): [6] Couldn't resolve host name (Could not resolve host: static.crates.io)
warning: spurious network error (3 tries remaining): [6] Couldn't resolve host name (Could not resolve host: static.crates.io)
warning: spurious network error (3 tries remaining): [6] Couldn't resolve host name (Could not resolve host: static.crates.io)
warning: spurious network error (3 tries remaining): [6] Couldn't resolve host name (Could not resolve host: static.crates.io)
warning: spurious network error (3 tries remaining): [6] Couldn't resolve host name (Could not resolve host: static.crates.io)
warning: spurious network error (3 tries remaining): [6] Couldn't resolve host name (Could not resolve host: static.crates.io)
warning: spurious network error (3 tries remaining): [6] Couldn't resolve host name (Could not resolve host: static.crates.io)
warning: spurious network error (3 tries remaining): [6] Couldn't resolve host name (Could not resolve host: static.crates.io)
warning: spurious network error (3 tries remaining): [6] Couldn't resolve host name (Could not resolve host: static.crates.io)
warning: spurious network error (3 tries remaining): [6] Couldn't resolve host name (Could not resolve host: static.crates.io)
warning: spurious network error (3 tries remaining): [6] Couldn't resolve host name (Could not resolve host: static.crates.io)
warning: spurious network error (3 tries remaining): [6] Couldn't resolve host name (Could not resolve host: static.crates.io)
warning: spurious network error (2 tries remaining): [6] Couldn't resolve host name (Could not resolve host: static.crates.io)
warning: spurious network error (2 tries remaining): [6] Couldn't resolve host name (Could not resolve host: static.crates.io)
warning: spurious network error (2 tries remaining): [6] Couldn't resolve host name (Could not resolve host: static.crates.io)
warning: spurious network error (2 tries remaining): [6] Couldn't resolve host name (Could not resolve host: static.crates.io)
warning: spurious network error (2 tries remaining): [6] Couldn't resolve host name (Could not resolve host: static.crates.io)
warning: spurious network error (2 tries remaining): [6] Couldn't resolve host name (Could not resolve host: static.crates.io)
warning: spurious network error (2 tries remaining): [6] Couldn't resolve host name (Could not resolve host: static.crates.io)
warning: spurious network error (2 tries remaining): [6] Couldn't resolve host name (Could not resolve host: static.crates.io)
warning: spurious network error (2 tries remaining): [6] Couldn't resolve host name (Could not resolve host: static.crates.io)
warning: spurious network error (2 tries remaining): [6] Couldn't resolve host name (Could not resolve host: static.crates.io)
warning: spurious network error (2 tries remaining): [6] Couldn't resolve host name (Could not resolve host: static.crates.io)
warning: spurious network error (2 tries remaining): [6] Couldn't resolve host name (Could not resolve host: static.crates.io)
warning: spurious network error (2 tries remaining): [6] Couldn't resolve host name (Could not resolve host: static.crates.io)
warning: spurious network error (2 tries remaining): [6] Couldn't resolve host name (Could not resolve host: static.crates.io)
warning: spurious network error (2 tries remaining): [6] Couldn't resolve host name (Could not resolve host: static.crates.io)
warning: spurious network error (2 tries remaining): [6] Couldn't resolve host name (Could not resolve host: static.crates.io)
warning: spurious network error (2 tries remaining): [6] Couldn't resolve host name (Could not resolve host: static.crates.io)
warning: spurious network error (2 tries remaining): [6] Couldn't resolve host name (Could not resolve host: static.crates.io)
warning: spurious network error (2 tries remaining): [6] Couldn't resolve host name (Could not resolve host: static.crates.io)
warning: spurious network error (2 tries remaining): [6] Couldn't resolve host name (Could not resolve host: static.crates.io)
warning: spurious network error (2 tries remaining): [6] Couldn't resolve host name (Could not resolve host: static.crates.io)
warning: spurious network error (2 tries remaining): [6] Couldn't resolve host name (Could not resolve host: static.crates.io)
warning: spurious network error (2 tries remaining): [6] Couldn't resolve host name (Could not resolve host: static.crates.io)
warning: spurious network error (2 tries remaining): [6] Couldn't resolve host name (Could not resolve host: static.crates.io)
warning: spurious network error (2 tries remaining): [6] Couldn't resolve host name (Could not resolve host: static.crates.io)
warning: spurious network error (2 tries remaining): [6] Couldn't resolve host name (Could not resolve host: static.crates.io)
warning: spurious network error (2 tries remaining): [6] Couldn't resolve host name (Could not resolve host: static.crates.io)
warning: spurious network error (2 tries remaining): [6] Couldn't resolve host name (Could not resolve host: static.crates.io)
warning: spurious network error (2 tries remaining): [6] Couldn't resolve host name (Could not resolve host: static.crates.io)
warning: spurious network error (2 tries remaining): [6] Couldn't resolve host name (Could not resolve host: static.crates.io)
warning: spurious network error (1 try remaining): [6] Couldn't resolve host name (Could not resolve host: static.crates.io)
warning: spurious network error (1 try remaining): [6] Couldn't resolve host name (Could not resolve host: static.crates.io)
warning: spurious network error (1 try remaining): [6] Couldn't resolve host name (Could not resolve host: static.crates.io)
warning: spurious network error (1 try remaining): [6] Couldn't resolve host name (Could not resolve host: static.crates.io)
warning: spurious network error (1 try remaining): [6] Couldn't resolve host name (Could not resolve host: static.crates.io)
warning: spurious network error (1 try remaining): [6] Couldn't resolve host name (Could not resolve host: static.crates.io)
warning: spurious network error (1 try remaining): [6] Couldn't resolve host name (Could not resolve host: static.crates.io)
warning: spurious network error (1 try remaining): [6] Couldn't resolve host name (Could not resolve host: static.crates.io)
warning: spurious network error (1 try remaining): [6] Couldn't resolve host name (Could not resolve host: static.crates.io)
warning: spurious network error (1 try remaining): [6] Couldn't resolve host name (Could not resolve host: static.crates.io)
warning: spurious network error (1 try remaining): [6] Couldn't resolve host name (Could not resolve host: static.crates.io)
warning: spurious network error (1 try remaining): [6] Couldn't resolve host name (Could not resolve host: static.crates.io)
warning: spurious network error (1 try remaining): [6] Couldn't resolve host name (Could not resolve host: static.crates.io)
warning: spurious network error (1 try remaining): [6] Couldn't resolve host name (Could not resolve host: static.crates.io)
warning: spurious network error (1 try remaining): [6] Couldn't resolve host name (Could not resolve host: static.crates.io)
warning: spurious network error (1 try remaining): [6] Couldn't resolve host name (Could not resolve host: static.crates.io)
warning: spurious network error (1 try remaining): [6] Couldn't resolve host name (Could not resolve host: static.crates.io)
warning: spurious network error (1 try remaining): [6] Couldn't resolve host name (Could not resolve host: static.crates.io)
warning: spurious network error (1 try remaining): [6] Couldn't resolve host name (Could not resolve host: static.crates.io)
warning: spurious network error (1 try remaining): [6] Couldn't resolve host name (Could not resolve host: static.crates.io)
warning: spurious network error (1 try remaining): [6] Couldn't resolve host name (Could not resolve host: static.crates.io)
warning: spurious network error (1 try remaining): [6] Couldn't resolve host name (Could not resolve host: static.crates.io)
warning: spurious network error (1 try remaining): [6] Couldn't resolve host name (Could not resolve host: static.crates.io)
warning: spurious network error (1 try remaining): [6] Couldn't resolve host name (Could not resolve host: static.crates.io)
warning: spurious network error (1 try remaining): [6] Couldn't resolve host name (Could not resolve host: static.crates.io)
warning: spurious network error (1 try remaining): [6] Couldn't resolve host name (Could not resolve host: static.crates.io)
warning: spurious network error (1 try remaining): [6] Couldn't resolve host name (Could not resolve host: static.crates.io)
warning: spurious network error (1 try remaining): [6] Couldn't resolve host name (Could not resolve host: static.crates.io)
warning: spurious network error (1 try remaining): [6] Couldn't resolve host name (Could not resolve host: static.crates.io)
warning: spurious network error (1 try remaining): [6] Couldn't resolve host name (Could not resolve host: static.crates.io)
error: failed to download from `https://static.crates.io/crates/kqueue/1.1.1/download`

Caused by:
  [6] Couldn't resolve host name (Could not resolve host: static.crates.io)
[master] cargo fetch failed. attempting automatic recovery with cargo clean
[master] running: cargo clean
     Removed 5295 files, 502.4MiB total
[master] running: cargo fetch --locked
 Downloading crates ...
warning: spurious network error (3 tries remaining): [6] Couldn't resolve host name (Could not resolve host: static.crates.io)
warning: spurious network error (3 tries remaining): [6] Couldn't resolve host name (Could not resolve host: static.crates.io)
warning: spurious network error (3 tries remaining): [6] Couldn't resolve host name (Could not resolve host: static.crates.io)
warning: spurious network error (3 tries remaining): [6] Couldn't resolve host name (Could not resolve host: static.crates.io)
warning: spurious network error (3 tries remaining): [6] Couldn't resolve host name (Could not resolve host: static.crates.io)
warning: spurious network error (3 tries remaining): [6] Couldn't resolve host name (Could not resolve host: static.crates.io)
warning: spurious network error (3 tries remaining): [6] Couldn't resolve host name (Could not resolve host: static.crates.io)
warning: spurious network error (3 tries remaining): [6] Couldn't resolve host name (Could not resolve host: static.crates.io)
warning: spurious network error (3 tries remaining): [6] Couldn't resolve host name (Could not resolve host: static.crates.io)
warning: spurious network error (3 tries remaining): [6] Couldn't resolve host name (Could not resolve host: static.crates.io)
warning: spurious network error (3 tries remaining): [6] Couldn't resolve host name (Could not resolve host: static.crates.io)
warning: spurious network error (3 tries remaining): [6] Couldn't resolve host name (Could not resolve host: static.crates.io)
warning: spurious network error (3 tries remaining): [6] Couldn't resolve host name (Could not resolve host: static.crates.io)
warning: spurious network error (3 tries remaining): [6] Couldn't resolve host name (Could not resolve host: static.crates.io)
warning: spurious network error (3 tries remaining): [6] Couldn't resolve host name (Could not resolve host: static.crates.io)
warning: spurious network error (3 tries remaining): [6] Couldn't resolve host name (Could not resolve host: static.crates.io)
warning: spurious network error (3 tries remaining): [6] Couldn't resolve host name (Could not resolve host: static.crates.io)
warning: spurious network error (3 tries remaining): [6] Couldn't resolve host name (Could not resolve host: static.crates.io)
warning: spurious network error (3 tries remaining): [6] Couldn't resolve host name (Could not resolve host: static.crates.io)
warning: spurious network error (3 tries remaining): [6] Couldn't resolve host name (Could not resolve host: static.crates.io)
warning: spurious network error (3 tries remaining): [6] Couldn't resolve host name (Could not resolve host: static.crates.io)
warning: spurious network error (3 tries remaining): [6] Couldn't resolve host name (Could not resolve host: static.crates.io)
warning: spurious network error (3 tries remaining): [6] Couldn't resolve host name (Could not resolve host: static.crates.io)
warning: spurious network error (3 tries remaining): [6] Couldn't resolve host name (Could not resolve host: static.crates.io)
warning: spurious network error (3 tries remaining): [6] Couldn't resolve host name (Could not resolve host: static.crates.io)
warning: spurious network error (3 tries remaining): [6] Couldn't resolve host name (Could not resolve host: static.crates.io)
warning: spurious network error (3 tries remaining): [6] Couldn't resolve host name (Could not resolve host: static.crates.io)
warning: spurious network error (3 tries remaining): [6] Couldn't resolve host name (Could not resolve host: static.crates.io)
warning: spurious network error (3 tries remaining): [6] Couldn't resolve host name (Could not resolve host: static.crates.io)
warning: spurious network error (3 tries remaining): [6] Couldn't resolve host name (Could not resolve host: static.crates.io)
warning: spurious network error (2 tries remaining): [6] Couldn't resolve host name (Could not resolve host: static.crates.io)
warning: spurious network error (2 tries remaining): [6] Couldn't resolve host name (Could not resolve host: static.crates.io)
warning: spurious network error (2 tries remaining): [6] Couldn't resolve host name (Could not resolve host: static.crates.io)
warning: spurious network error (2 tries remaining): [6] Couldn't resolve host name (Could not resolve host: static.crates.io)
warning: spurious network error (2 tries remaining): [6] Couldn't resolve host name (Could not resolve host: static.crates.io)
warning: spurious network error (2 tries remaining): [6] Couldn't resolve host name (Could not resolve host: static.crates.io)
warning: spurious network error (2 tries remaining): [6] Couldn't resolve host name (Could not resolve host: static.crates.io)
warning: spurious network error (2 tries remaining): [6] Couldn't resolve host name (Could not resolve host: static.crates.io)
warning: spurious network error (2 tries remaining): [6] Couldn't resolve host name (Could not resolve host: static.crates.io)
warning: spurious network error (2 tries remaining): [6] Couldn't resolve host name (Could not resolve host: static.crates.io)
warning: spurious network error (2 tries remaining): [6] Couldn't resolve host name (Could not resolve host: static.crates.io)
warning: spurious network error (2 tries remaining): [6] Couldn't resolve host name (Could not resolve host: static.crates.io)
warning: spurious network error (2 tries remaining): [6] Couldn't resolve host name (Could not resolve host: static.crates.io)
warning: spurious network error (2 tries remaining): [6] Couldn't resolve host name (Could not resolve host: static.crates.io)
warning: spurious network error (2 tries remaining): [6] Couldn't resolve host name (Could not resolve host: static.crates.io)
warning: spurious network error (2 tries remaining): [6] Couldn't resolve host name (Could not resolve host: static.crates.io)
warning: spurious network error (2 tries remaining): [6] Couldn't resolve host name (Could not resolve host: static.crates.io)
warning: spurious network error (2 tries remaining): [6] Couldn't resolve host name (Could not resolve host: static.crates.io)
warning: spurious network error (2 tries remaining): [6] Couldn't resolve host name (Could not resolve host: static.crates.io)
warning: spurious network error (2 tries remaining): [6] Couldn't resolve host name (Could not resolve host: static.crates.io)
warning: spurious network error (2 tries remaining): [6] Couldn't resolve host name (Could not resolve host: static.crates.io)
warning: spurious network error (2 tries remaining): [6] Couldn't resolve host name (Could not resolve host: static.crates.io)
warning: spurious network error (2 tries remaining): [6] Couldn't resolve host name (Could not resolve host: static.crates.io)
warning: spurious network error (2 tries remaining): [6] Couldn't resolve host name (Could not resolve host: static.crates.io)
warning: spurious network error (2 tries remaining): [6] Couldn't resolve host name (Could not resolve host: static.crates.io)
warning: spurious network error (2 tries remaining): [6] Couldn't resolve host name (Could not resolve host: static.crates.io)
warning: spurious network error (2 tries remaining): [6] Couldn't resolve host name (Could not resolve host: static.crates.io)
warning: spurious network error (2 tries remaining): [6] Couldn't resolve host name (Could not resolve host: static.crates.io)
warning: spurious network error (2 tries remaining): [6] Couldn't resolve host name (Could not resolve host: static.crates.io)
warning: spurious network error (2 tries remaining): [6] Couldn't resolve host name (Could not resolve host: static.crates.io)
warning: spurious network error (1 try remaining): [6] Couldn't resolve host name (Could not resolve host: static.crates.io)
warning: spurious network error (1 try remaining): [6] Couldn't resolve host name (Could not resolve host: static.crates.io)
warning: spurious network error (1 try remaining): [6] Couldn't resolve host name (Could not resolve host: static.crates.io)
warning: spurious network error (1 try remaining): [6] Couldn't resolve host name (Could not resolve host: static.crates.io)
warning: spurious network error (1 try remaining): [6] Couldn't resolve host name (Could not resolve host: static.crates.io)
warning: spurious network error (1 try remaining): [6] Couldn't resolve host name (Could not resolve host: static.crates.io)
warning: spurious network error (1 try remaining): [6] Couldn't resolve host name (Could not resolve host: static.crates.io)
warning: spurious network error (1 try remaining): [6] Couldn't resolve host name (Could not resolve host: static.crates.io)
warning: spurious network error (1 try remaining): [6] Couldn't resolve host name (Could not resolve host: static.crates.io)
warning: spurious network error (1 try remaining): [6] Couldn't resolve host name (Could not resolve host: static.crates.io)
warning: spurious network error (1 try remaining): [6] Couldn't resolve host name (Could not resolve host: static.crates.io)
warning: spurious network error (1 try remaining): [6] Couldn't resolve host name (Could not resolve host: static.crates.io)
warning: spurious network error (1 try remaining): [6] Couldn't resolve host name (Could not resolve host: static.crates.io)
warning: spurious network error (1 try remaining): [6] Couldn't resolve host name (Could not resolve host: static.crates.io)
warning: spurious network error (1 try remaining): [6] Couldn't resolve host name (Could not resolve host: static.crates.io)
warning: spurious network error (1 try remaining): [6] Couldn't resolve host name (Could not resolve host: static.crates.io)
warning: spurious network error (1 try remaining): [6] Couldn't resolve host name (Could not resolve host: static.crates.io)
warning: spurious network error (1 try remaining): [6] Couldn't resolve host name (Could not resolve host: static.crates.io)
warning: spurious network error (1 try remaining): [6] Couldn't resolve host name (Could not resolve host: static.crates.io)
warning: spurious network error (1 try remaining): [6] Couldn't resolve host name (Could not resolve host: static.crates.io)
warning: spurious network error (1 try remaining): [6] Couldn't resolve host name (Could not resolve host: static.crates.io)
warning: spurious network error (1 try remaining): [6] Couldn't resolve host name (Could not resolve host: static.crates.io)
warning: spurious network error (1 try remaining): [6] Couldn't resolve host name (Could not resolve host: static.crates.io)
warning: spurious network error (1 try remaining): [6] Couldn't resolve host name (Could not resolve host: static.crates.io)
warning: spurious network error (1 try remaining): [6] Couldn't resolve host name (Could not resolve host: static.crates.io)
warning: spurious network error (1 try remaining): [6] Couldn't resolve host name (Could not resolve host: static.crates.io)
warning: spurious network error (1 try remaining): [6] Couldn't resolve host name (Could not resolve host: static.crates.io)
warning: spurious network error (1 try remaining): [6] Couldn't resolve host name (Could not resolve host: static.crates.io)
warning: spurious network error (1 try remaining): [6] Couldn't resolve host name (Could not resolve host: static.crates.io)
warning: spurious network error (1 try remaining): [6] Couldn't resolve host name (Could not resolve host: static.crates.io)
error: failed to download from `https://static.crates.io/crates/windows_aarch64_msvc/0.48.5/download`

Caused by:
  [6] Couldn't resolve host name (Could not resolve host: static.crates.io)
