[master] snsx master runner started
[master] workspace: /Users/drhacker/Documents/Programming Lang
[master] mode: run
[master] log file: /Users/drhacker/Documents/Programming Lang/logs/master-20260321-163604.log
[master] running: cargo check --offline
   Compiling libc v0.2.183
    Checking cfg-if v1.0.4
   Compiling proc-macro2 v1.0.106
   Compiling unicode-ident v1.0.24
   Compiling quote v1.0.45
   Compiling version_check v0.9.5
   Compiling typenum v1.19.0
   Compiling serde_core v1.0.228
   Compiling serde v1.0.228
   Compiling anyhow v1.0.102
   Compiling generic-array v0.14.7
   Compiling thiserror v1.0.69
    Checking subtle v2.6.1
   Compiling semver v1.0.27
   Compiling zmij v1.0.21
    Checking log v0.4.29
   Compiling rustc_version v0.4.1
   Compiling signal-hook v0.3.18
   Compiling crossbeam-utils v0.8.21
   Compiling serde_json v1.0.149
   Compiling parking_lot_core v0.9.12
    Checking scopeguard v1.2.0
   Compiling curve25519-dalek v4.1.3
    Checking utf8parse v0.2.2
    Checking itoa v1.0.18
    Checking opaque-debug v0.3.1
    Checking signature v2.2.0
    Checking smallvec v1.15.1
    Checking memchr v2.8.0
    Checking ed25519 v2.2.3
    Checking getrandom v0.2.17
    Checking cpufeatures v0.2.17
    Checking keccak v0.1.6
    Checking rand_core v0.6.4
    Checking errno v0.3.14
   Compiling syn v2.0.117
    Checking signal-hook-registry v1.4.8
    Checking mio v0.8.11
    Checking anstyle-parse v1.0.0
    Checking lock_api v0.4.14
    Checking hashbrown v0.16.1
    Checking anstyle v1.0.14
    Checking anstyle-query v1.1.5
    Checking same-file v1.0.6
    Checking bitflags v2.11.0
    Checking equivalent v1.0.2
    Checking colorchoice v1.0.5
    Checking is_terminal_polyfill v1.70.2
    Checking walkdir v2.5.0
    Checking anstream v1.0.0
    Checking signal-hook-mio v0.2.5
    Checking crypto-common v0.1.7
    Checking block-buffer v0.10.4
    Checking inout v0.1.4
    Checking universal-hash v0.5.1
    Checking aead v0.5.2
    Checking polyval v0.6.2
    Checking digest v0.10.7
    Checking cipher v0.4.4
    Checking crossbeam-channel v0.5.15
    Checking parking_lot v0.12.5
    Checking filetime v0.2.27
    Checking sha3 v0.10.8
    Checking sha2 v0.10.9
    Checking ctr v0.9.2
    Checking aes v0.8.4
    Checking indexmap v2.13.0
    Checking fsevent-sys v4.1.0
    Checking winnow v0.7.15
    Checking strsim v0.11.1
   Compiling heck v0.5.0
    Checking clap_lex v1.1.0
    Checking toml_write v0.1.2
    Checking base64 v0.22.1
    Checking clap_builder v4.6.0
    Checking notify v6.1.1
    Checking crossterm v0.27.0
   Compiling serde_derive v1.0.228
   Compiling thiserror-impl v1.0.69
   Compiling zeroize_derive v1.4.3
   Compiling clap_derive v4.6.0
    Checking zeroize v1.8.2
    Checking aes-gcm-siv v0.11.1
    Checking clap v4.6.0
    Checking ed25519-dalek v2.2.0
    Checking x25519-dalek v2.0.1
    Checking snsx-runtime v0.1.0 (/Users/drhacker/Documents/Programming Lang/runtime)
    Checking snsx-compiler v0.1.0 (/Users/drhacker/Documents/Programming Lang/compiler)
    Checking toml_datetime v0.6.11
    Checking serde_spanned v0.6.9
    Checking snsx-network-stack v0.1.0 (/Users/drhacker/Documents/Programming Lang/network_stack)
    Checking toml_edit v0.22.27
    Checking snsx-ai-engine v0.1.0 (/Users/drhacker/Documents/Programming Lang/ai_engine)
    Checking snsx-stdlib v0.1.0 (/Users/drhacker/Documents/Programming Lang/stdlib)
    Checking snsx-distributed-engine v0.1.0 (/Users/drhacker/Documents/Programming Lang/distributed_engine)
    Checking snsx-vm v0.1.0 (/Users/drhacker/Documents/Programming Lang/vm)
    Checking snsx-ide v0.1.0 (/Users/drhacker/Documents/Programming Lang/ide)
    Checking toml v0.8.23
    Checking snsx v0.1.0 (/Users/drhacker/Documents/Programming Lang/cli)
    Finished `dev` profile [unoptimized + debuginfo] target(s) in 1m 08s
[master] running: cargo build -p snsx --offline
   Compiling cfg-if v1.0.4
   Compiling libc v0.2.183
   Compiling typenum v1.19.0
   Compiling serde_core v1.0.228
   Compiling subtle v2.6.1
   Compiling thiserror v1.0.69
   Compiling anyhow v1.0.102
   Compiling zeroize v1.8.2
   Compiling log v0.4.29
   Compiling zmij v1.0.21
   Compiling utf8parse v0.2.2
   Compiling memchr v2.8.0
   Compiling opaque-debug v0.3.1
   Compiling smallvec v1.15.1
   Compiling itoa v1.0.18
   Compiling scopeguard v1.2.0
   Compiling signature v2.2.0
   Compiling lock_api v0.4.14
   Compiling ed25519 v2.2.3
   Compiling anstyle-parse v1.0.0
   Compiling crossbeam-utils v0.8.21
   Compiling colorchoice v1.0.5
   Compiling is_terminal_polyfill v1.70.2
   Compiling same-file v1.0.6
   Compiling hashbrown v0.16.1
   Compiling anstyle v1.0.14
   Compiling equivalent v1.0.2
   Compiling anstyle-query v1.1.5
   Compiling generic-array v0.14.7
   Compiling bitflags v2.11.0
   Compiling anstream v1.0.0
   Compiling getrandom v0.2.17
   Compiling cpufeatures v0.2.17
   Compiling rand_core v0.6.4
   Compiling keccak v0.1.6
   Compiling errno v0.3.14
   Compiling mio v0.8.11
   Compiling signal-hook-registry v1.4.8
   Compiling parking_lot_core v0.9.12
   Compiling crossbeam-channel v0.5.15
   Compiling signal-hook v0.3.18
   Compiling indexmap v2.13.0
   Compiling filetime v0.2.27
   Compiling crypto-common v0.1.7
   Compiling block-buffer v0.10.4
   Compiling inout v0.1.4
   Compiling universal-hash v0.5.1
   Compiling digest v0.10.7
   Compiling polyval v0.6.2
   Compiling cipher v0.4.4
   Compiling sha3 v0.10.8
   Compiling curve25519-dalek v4.1.3
   Compiling sha2 v0.10.9
   Compiling aead v0.5.2
   Compiling aes v0.8.4
   Compiling ctr v0.9.2
   Compiling signal-hook-mio v0.2.5
   Compiling parking_lot v0.12.5
   Compiling fsevent-sys v4.1.0
   Compiling walkdir v2.5.0
   Compiling strsim v0.11.1
   Compiling aes-gcm-siv v0.11.1
   Compiling clap_lex v1.1.0
   Compiling toml_write v0.1.2
   Compiling winnow v0.7.15
   Compiling base64 v0.22.1
   Compiling clap_builder v4.6.0
   Compiling crossterm v0.27.0
   Compiling notify v6.1.1
   Compiling x25519-dalek v2.0.1
   Compiling ed25519-dalek v2.2.0
   Compiling serde v1.0.228
   Compiling serde_json v1.0.149
   Compiling snsx-runtime v0.1.0 (/Users/drhacker/Documents/Programming Lang/runtime)
   Compiling serde_spanned v0.6.9
   Compiling toml_datetime v0.6.11
   Compiling snsx-network-stack v0.1.0 (/Users/drhacker/Documents/Programming Lang/network_stack)
   Compiling snsx-stdlib v0.1.0 (/Users/drhacker/Documents/Programming Lang/stdlib)
   Compiling snsx-ai-engine v0.1.0 (/Users/drhacker/Documents/Programming Lang/ai_engine)
   Compiling snsx-distributed-engine v0.1.0 (/Users/drhacker/Documents/Programming Lang/distributed_engine)
   Compiling snsx-compiler v0.1.0 (/Users/drhacker/Documents/Programming Lang/compiler)
   Compiling toml_edit v0.22.27
   Compiling clap v4.6.0
   Compiling snsx-vm v0.1.0 (/Users/drhacker/Documents/Programming Lang/vm)
   Compiling snsx-ide v0.1.0 (/Users/drhacker/Documents/Programming Lang/ide)
   Compiling toml v0.8.23
   Compiling snsx v0.1.0 (/Users/drhacker/Documents/Programming Lang/cli)
    Finished `dev` profile [unoptimized + debuginfo] target(s) in 52.55s
[master] initializing user project at /Users/drhacker/Documents/Programming Lang/user_workspace
[master] running: /Users/drhacker/Documents/Programming Lang/target/debug/snsx init /Users/drhacker/Documents/Programming Lang/user_workspace
Created SNSX project at /Users/drhacker/Documents/Programming Lang/user_workspace
[master] running full SNSX smoke tests
[master] running: /Users/drhacker/Documents/Programming Lang/target/debug/snsx run --file /Users/drhacker/Documents/Programming Lang/examples/hello.snsx
hello from snsx
summary: Smart Neural Syntax eXtended is readable, safe, and AI-native.
[master] running: /Users/drhacker/Documents/Programming Lang/target/debug/snsx run --file /Users/drhacker/Documents/Programming Lang/examples/concurrency.snsx
70
[master] running: /Users/drhacker/Documents/Programming Lang/target/debug/snsx run --file /Users/drhacker/Documents/Programming Lang/examples/tensor.snsx
Tensor[2, 2]
[master] running: /Users/drhacker/Documents/Programming Lang/target/debug/snsx build --file /Users/drhacker/Documents/Programming Lang/examples/hello.snsx --target wasm
Wrote /Users/drhacker/Documents/Programming Lang/examples/dist/hello.wat
[master] running: /Users/drhacker/Documents/Programming Lang/target/debug/snsx deploy --file /Users/drhacker/Documents/Programming Lang/examples/hello.snsx --cluster local
Deployment bundle written to /Users/drhacker/Documents/Programming Lang/examples/dist/standalone.snsxp.json
[master] launching user system in run mode
[master] running: /Users/drhacker/Documents/Programming Lang/target/debug/snsx run
SNSX ready
summary: SNSX ships with an AI-native toolchain.
42
[master] snsx master runner finished
