[master] master runner started
[master] workspace: /Users/drhacker/Documents/Programming Lang
[master] language: snsx
[master] mode: run
[master] project: /Users/drhacker/Documents/Programming Lang/user_workspace
[master] log file: /Users/drhacker/Documents/Programming Lang/logs/master-20260322-105242.log
[master] running: cargo check --offline
    Checking cfg-if v1.0.4
    Checking libc v0.2.183
    Checking typenum v1.19.0
    Checking serde_core v1.0.228
    Checking anyhow v1.0.102
    Checking thiserror v1.0.69
    Checking zmij v1.0.21
    Checking itoa v1.0.18
    Checking memchr v2.8.0
    Checking subtle v2.6.1
    Checking zeroize v1.8.2
    Checking hashbrown v0.16.1
    Checking equivalent v1.0.2
    Checking log v0.4.29
    Checking utf8parse v0.2.2
    Checking toml_write v0.1.2
    Checking winnow v0.7.15
    Checking anstyle-parse v1.0.0
    Checking smallvec v1.15.1
    Checking scopeguard v1.2.0
    Checking generic-array v0.14.7
    Checking is_terminal_polyfill v1.70.2
    Checking colorchoice v1.0.5
    Checking opaque-debug v0.3.1
    Checking signature v2.2.0
    Checking same-file v1.0.6
    Checking getrandom v0.2.17
    Checking cpufeatures v0.2.17
    Checking errno v0.3.14
    Checking anstyle v1.0.14
    Checking keccak v0.1.6
    Checking rand_core v0.6.4
    Checking signal-hook-registry v1.4.8
    Checking indexmap v2.13.0
    Checking anstyle-query v1.1.5
    Checking walkdir v2.5.0
    Checking ed25519 v2.2.3
    Checking signal-hook v0.3.18
    Checking anstream v1.0.0
    Checking parking_lot_core v0.9.12
    Checking mio v0.8.11
    Checking lock_api v0.4.14
    Checking crossbeam-utils v0.8.21
    Checking bitflags v2.11.0
    Checking crypto-common v0.1.7
    Checking block-buffer v0.10.4
    Checking inout v0.1.4
    Checking universal-hash v0.5.1
    Checking digest v0.10.7
    Checking cipher v0.4.4
    Checking polyval v0.6.2
    Checking aead v0.5.2
    Checking strsim v0.11.1
    Checking clap_lex v1.1.0
    Checking crossbeam-channel v0.5.15
    Checking sha3 v0.10.8
    Checking curve25519-dalek v4.1.3
    Checking ctr v0.9.2
    Checking aes v0.8.4
    Checking sha2 v0.10.9
    Checking clap_builder v4.6.0
    Checking signal-hook-mio v0.2.5
    Checking parking_lot v0.12.5
    Checking fsevent-sys v4.1.0
    Checking filetime v0.2.27
    Checking aes-gcm-siv v0.11.1
    Checking base64 v0.22.1
    Checking crossterm v0.27.0
    Checking notify v6.1.1
    Checking aeris_kernel_abi v0.1.0 (/Users/drhacker/Documents/Programming Lang/aeris_kernel_abi)
    Checking ed25519-dalek v2.2.0
    Checking x25519-dalek v2.0.1
    Checking serde v1.0.228
    Checking serde_json v1.0.149
    Checking toml_datetime v0.6.11
    Checking serde_spanned v0.6.9
    Checking snsx-runtime v0.1.0 (/Users/drhacker/Documents/Programming Lang/runtime)
    Checking snsx-network-stack v0.1.0 (/Users/drhacker/Documents/Programming Lang/network_stack)
    Checking toml_edit v0.22.27
    Checking aeris_compiler v0.1.0 (/Users/drhacker/Documents/Programming Lang/aeris_compiler)
    Checking snsx-compiler v0.1.0 (/Users/drhacker/Documents/Programming Lang/compiler)
    Checking snsx-ai-engine v0.1.0 (/Users/drhacker/Documents/Programming Lang/ai_engine)
    Checking snsx-stdlib v0.1.0 (/Users/drhacker/Documents/Programming Lang/stdlib)
    Checking snsx-distributed-engine v0.1.0 (/Users/drhacker/Documents/Programming Lang/distributed_engine)
    Checking clap v4.6.0
    Checking snsx-vm v0.1.0 (/Users/drhacker/Documents/Programming Lang/vm)
    Checking aeris_runtime v0.1.0 (/Users/drhacker/Documents/Programming Lang/aeris_runtime)
    Checking aeris_fmt v0.1.0 (/Users/drhacker/Documents/Programming Lang/aeris_fmt)
    Checking aeris_lint v0.1.0 (/Users/drhacker/Documents/Programming Lang/aeris_lint)
    Checking toml v0.8.23
    Checking aeris_pkg v0.1.0 (/Users/drhacker/Documents/Programming Lang/aeris_pkg)
    Checking snsx-ide v0.1.0 (/Users/drhacker/Documents/Programming Lang/ide)
    Checking aeris_cli v0.1.0 (/Users/drhacker/Documents/Programming Lang/aeris_cli)
    Checking snsx v0.1.0 (/Users/drhacker/Documents/Programming Lang/cli)
    Finished `dev` profile [unoptimized + debuginfo] target(s) in 7.15s
[master] running: cargo build -p snsx --offline
    Finished `dev` profile [unoptimized + debuginfo] target(s) in 0.10s
[master] running full SNSX smoke tests
[master] running: /Users/drhacker/Documents/Programming Lang/target/debug/snsx run --file /Users/drhacker/Documents/Programming Lang/examples/hello.snsx
hello from snsx
summary: Smart Neural Syntax eXtended is readable, safe, and AI-native.
[master] running: /Users/drhacker/Documents/Programming Lang/target/debug/snsx run --file /Users/drhacker/Documents/Programming Lang/examples/concurrency.snsx
70
[master] running: /Users/drhacker/Documents/Programming Lang/target/debug/snsx run --file /Users/drhacker/Documents/Programming Lang/examples/tensor.snsx
Tensor[2, 2]
[master] running: /Users/drhacker/Documents/Programming Lang/target/debug/snsx build --file /Users/drhacker/Documents/Programming Lang/examples/hello.snsx --target wasm
Wrote /Users/drhacker/Documents/Programming Lang/examples/dist/hello.wat
[master] running: /Users/drhacker/Documents/Programming Lang/target/debug/snsx deploy --file /Users/drhacker/Documents/Programming Lang/examples/hello.snsx --cluster local
Deployment bundle written to /Users/drhacker/Documents/Programming Lang/examples/dist/snsx_examples.snsxp.json
[master] launching user system in run mode
[master] running: /Users/drhacker/Documents/Programming Lang/target/debug/snsx run --file /Users/drhacker/Documents/Programming Lang/examples/hello.snsx
hello from snsx
summary: Smart Neural Syntax eXtended is readable, safe, and AI-native.
[master] master runner finished
