[master] snsx master runner started
[master] workspace: /Users/drhacker/Documents/Programming Lang
[master] mode: run
[master] log file: /Users/drhacker/Documents/Programming Lang/logs/master-20260321-163443.log
[master] running: cargo fetch --locked
 Downloading crates ...
warning: spurious network error (3 tries remaining): [6] Couldn't resolve host name (Could not resolve host: static.crates.io)
warning: spurious network error (3 tries remaining): [28] Timeout was reached (download of `windows-targets v0.48.5` failed to transfer more than 10 bytes in 30s)
warning: spurious network error (3 tries remaining): [28] Timeout was reached (failed to download any data for `windows-sys v0.48.0` within 30s)
  Downloaded winapi-util v0.1.11
  Downloaded windows-link v0.2.1
  Downloaded inotify-sys v0.1.5
  Downloaded once_cell_polyfill v1.70.2
  Downloaded curve25519-dalek-derive v0.1.1
  Downloaded windows-targets v0.48.5
  Downloaded kqueue-sys v1.0.4
  Downloaded wasi v0.11.1+wasi-snapshot-preview1
  Downloaded libredox v0.1.14
  Downloaded bitflags v1.3.2
  Downloaded plain v0.2.3
  Downloaded anstyle-wincon v3.0.11
  Downloaded crossterm_winapi v0.9.1
  Downloaded redox_syscall v0.5.18
  Downloaded inotify v0.9.6
  Downloaded kqueue v1.1.1
  Downloaded redox_syscall v0.7.3
  Downloaded windows_x86_64_gnullvm v0.48.5
  Downloaded windows_aarch64_gnullvm v0.48.5
  Downloaded fiat-crypto v0.2.9
  Downloaded windows_x86_64_msvc v0.48.5
  Downloaded windows_aarch64_msvc v0.48.5
  Downloaded windows_x86_64_gnu v0.48.5
  Downloaded windows_i686_msvc v0.48.5
  Downloaded windows_i686_gnu v0.48.5
  Downloaded winapi v0.3.9
  Downloaded windows-sys v0.61.2
  Downloaded windows-sys v0.48.0
  Downloaded winapi-i686-pc-windows-gnu v0.4.0
  Downloaded winapi-x86_64-pc-windows-gnu v0.4.0
[master] running: cargo check
    Blocking waiting for file lock on build directory
    Finished `dev` profile [unoptimized + debuginfo] target(s) in 56.06s
[master] running: cargo build -p snsx
    Blocking waiting for file lock on build directory
    Finished `dev` profile [unoptimized + debuginfo] target(s) in 52.63s
[master] initializing user project at /Users/drhacker/Documents/Programming Lang/user_workspace
[master] running: /Users/drhacker/Documents/Programming Lang/target/debug/snsx init /Users/drhacker/Documents/Programming Lang/user_workspace
Created SNSX project at /Users/drhacker/Documents/Programming Lang/user_workspace
[master] running full SNSX smoke tests
[master] running: /Users/drhacker/Documents/Programming Lang/target/debug/snsx run --file /Users/drhacker/Documents/Programming Lang/examples/hello.snsx
hello from snsx
summary: Smart Neural Syntax eXtended is readable, safe, and AI-native.
[master] running: /Users/drhacker/Documents/Programming Lang/target/debug/snsx run --file /Users/drhacker/Documents/Programming Lang/examples/concurrency.snsx
70
[master] running: /Users/drhacker/Documents/Programming Lang/target/debug/snsx run --file /Users/drhacker/Documents/Programming Lang/examples/tensor.snsx
Tensor[2, 2]
[master] running: /Users/drhacker/Documents/Programming Lang/target/debug/snsx build --file /Users/drhacker/Documents/Programming Lang/examples/hello.snsx --target wasm
Wrote /Users/drhacker/Documents/Programming Lang/examples/dist/hello.wat
[master] running: /Users/drhacker/Documents/Programming Lang/target/debug/snsx deploy --file /Users/drhacker/Documents/Programming Lang/examples/hello.snsx --cluster local
Deployment bundle written to /Users/drhacker/Documents/Programming Lang/examples/dist/standalone.snsxp.json
[master] launching user system in run mode
[master] running: /Users/drhacker/Documents/Programming Lang/target/debug/snsx run
SNSX ready
summary: SNSX ships with an AI-native toolchain.
42
[master] snsx master runner finished
